---
source: tui/src/chatwidget/tests/side.rs
expression: terminal.backend()
---
"                                                                                "
"   gpt-5.6-sol default │  /tmp/project │ API key                              "
"                                                                                "
"                                                                                "
"› Check recently modified functions for compatibility                           "
"                                                                                "
"  gpt-5.6-sol def… Side from main thread · main needs input · Ctrl+C to return  "
